[20:52:05] [main/INFO] (FabricLoader/GameProvider) Loading Minecraft 1.21.1 with Fabric Loader 0.16.14
[20:52:06] [main/INFO] (FabricLoader) Loading 60 mods:
	- architectury 13.0.8
	- cloth-basic-math 0.6.1
	- cloth-config 15.0.127
	- fabric-api 0.116.4+1.21.1
	- fabric-api-base 0.4.42+6573ed8c19
	- fabric-api-lookup-api-v1 1.6.71+b559734419
	- fabric-biome-api-v1 13.0.31+d527f9fd19
	- fabric-block-api-v1 1.1.0+0bc3503219
	- fabric-block-view-api-v2 1.0.11+ebb2264e19
	- fabric-blockrenderlayer-v1 1.1.52+0af3f5a719
	- fabric-client-tags-api-v1 1.1.15+6573ed8c19
	- fabric-command-api-v1 1.2.49+f71b366f19
	- fabric-command-api-v2 2.2.28+6ced4dd919
	- fabric-commands-v0 0.2.66+df3654b319
	- fabric-content-registries-v0 8.0.19+b559734419
	- fabric-convention-tags-v1 2.1.5+7f945d5b19
	- fabric-convention-tags-v2 2.11.1+a406e79519
	- fabric-crash-report-info-v1 0.2.29+0af3f5a719
	- fabric-data-attachment-api-v1 1.4.5+6116a37819
	- fabric-data-generation-api-v1 20.2.32+5b9dea2e19
	- fabric-dimensions-v1 4.0.0+6fc22b9919
	- fabric-entity-events-v1 1.8.0+2b27e0a419
	- fabric-events-interaction-v0 0.7.13+ba9dae0619
	- fabric-game-rule-api-v1 1.0.53+6ced4dd919
	- fabric-gametest-api-v1 2.0.5+6fc22b9919
	- fabric-item-api-v1 11.1.1+d5debaed19
	- fabric-item-group-api-v1 4.1.7+def88e3a19
	- fabric-key-binding-api-v1 1.0.47+0af3f5a719
	- fabric-keybindings-v0 0.2.45+df3654b319
	- fabric-lifecycle-events-v1 2.6.0+0865547519
	- fabric-loot-api-v2 3.0.15+3f89f5a519
	- fabric-loot-api-v3 1.0.3+3f89f5a519
	- fabric-message-api-v1 6.0.14+8aaf3aca19
	- fabric-model-loading-api-v1 2.0.0+fe474d6b19
	- fabric-networking-api-v1 4.3.0+c7469b2119
	- fabric-object-builder-api-v1 15.2.1+40875a9319
	- fabric-particles-v1 4.0.2+6573ed8c19
	- fabric-recipe-api-v1 5.0.14+248df81c19
	- fabric-registry-sync-v0 5.3.1+e3eddc2119
	- fabric-renderer-api-v1 3.4.0+c705a49c19
	- fabric-renderer-indigo 1.7.0+c705a49c19
	- fabric-renderer-registries-v1 3.2.69+df3654b319
	- fabric-rendering-data-attachment-v1 0.3.49+73761d2e19
	- fabric-rendering-fluids-v1 3.1.6+1daea21519
	- fabric-rendering-v0 1.1.72+df3654b319
	- fabric-rendering-v1 5.1.0+ab4c25a019
	- fabric-resource-conditions-api-v1 4.3.0+8dc279b119
	- fabric-resource-loader-v0 1.3.1+5b5275af19
	- fabric-screen-api-v1 2.0.25+8b68f1c719
	- fabric-screen-handler-api-v1 1.3.90+b559734419
	- fabric-sound-api-v1 1.0.23+6573ed8c19
	- fabric-transfer-api-v1 5.4.3+c24bd99419
	- fabric-transitive-access-wideners-v1 6.2.0+45b9699719
	- fabricloader 0.16.14
	- generated_39675fc 1.0.0
	- java 23
	- minecraft 1.21.1
	- mixinextras 0.4.1
	- modmenu 11.0.1
	- sound_physics_perfected 1.4.2
[20:52:06] [main/INFO] (FabricLoader/Mixin) SpongePowered MIXIN Subsystem Version=0.8.7 Source=file:/C:/Users/markp/.gradle/caches/modules-2/files-2.1/net.fabricmc/sponge-mixin/0.15.5+mixin.0.8.7/22f9eb729e216a091673a574a5906dc1b9027fb3/sponge-mixin-0.15.5+mixin.0.8.7.jar Service=Knot/Fabric Env=CLIENT
[20:52:06] [main/INFO] (FabricLoader/Mixin) Loaded Fabric development mappings for mixin remapper!
[20:52:06] [main/INFO] (FabricLoader/Mixin) Compatibility level set to JAVA_17
[20:52:06] [main/INFO] (FabricLoader/Mixin) Compatibility level set to JAVA_21
[20:52:07] [main/INFO] (FabricLoader/MixinExtras|Service) Initializing MixinExtras via com.llamalad7.mixinextras.service.MixinExtrasServiceImpl(version=0.4.1).
[20:52:08] [Datafixer Bootstrap/INFO] (Minecraft) 226 Datafixer optimizations took 355 milliseconds
[20:52:14] [Render thread/INFO] (Minecraft) Environment: Environment[sessionHost=https://sessionserver.mojang.com, servicesHost=https://api.minecraftservices.com, name=PROD]
[20:52:14] [Render thread/INFO] (Minecraft) Setting user: Player805
[20:52:15] [Yggdrasil Key Fetcher/ERROR] (Minecraft) Failed to request yggdrasil public key
com.mojang.authlib.exceptions.MinecraftClientException: Failed to read value <!DOCTYPE html PUBLIC '-//W3C//DTD XHTML 1.0 Transitional//EN' 'http://www.w3.org/TR/xhtml1/DTD/xhtml1-transitional.dtd'>
<html xmlns='http://www.w3.org/1999/xhtml'>

<head>
    <meta content='text/html; charset=utf-8' http-equiv='content-type' />
    <style type='text/css'>
        body {
            font-family: Arial;
            margin-left: 40px;
        }

        img {
            border: 0 none;
        }

        #content {
            margin-left: auto;
            margin-right: auto
        }

        #message h1 {
            font-size: 24px;
            font-weight: normal;
            color: #000000;
            margin: 34px 0px 0px 0px
        }

        #message h2 {
            font-size: 20px;
            font-weight: normal;
            color: #000000;
            margin: 34px 0px 0px 0px
        }

        #message p {
            font-size: 16px;
            color: #000000;
            margin: 8px 0px 0px 0px
        }

        #message hr {
            margin: 15px 0px
        }

        #errorref {
            font-size: 11px;
            color: #737373;
            margin-top: 41px
        }
    </style>
    <title>Service unavailable</title>
</head>

<body>
    <div id='content'>
        <div id='message'>
            <h2>The request is blocked.</h2>
        </div>
        <div id='errorref'>
            <span>20250807T005213Z-184fbf97859dkdwqhC1BL1yr9000000004kg000000001kv8            </span>
        </div>
    </div>
</body>
</html>

	at knot/com.mojang.authlib.minecraft.client.ObjectMapper.readValue(ObjectMapper.java:32) ~[authlib-6.0.54.jar:?]
	at knot/com.mojang.authlib.minecraft.client.MinecraftClient.readInputStream(MinecraftClient.java:99) ~[authlib-6.0.54.jar:?]
	at knot/com.mojang.authlib.minecraft.client.MinecraftClient.get(MinecraftClient.java:57) ~[authlib-6.0.54.jar:?]
	at knot/com.mojang.authlib.yggdrasil.YggdrasilServicesKeyInfo.fetch(YggdrasilServicesKeyInfo.java:114) ~[authlib-6.0.54.jar:?]
	at knot/com.mojang.authlib.yggdrasil.YggdrasilServicesKeyInfo$1.run(YggdrasilServicesKeyInfo.java:89) ~[authlib-6.0.54.jar:?]
	at java.base/java.util.concurrent.Executors$RunnableAdapter.call(Executors.java:572) ~[?:?]
	at java.base/java.util.concurrent.FutureTask.run$$$capture(FutureTask.java:317) ~[?:?]
	at java.base/java.util.concurrent.FutureTask.run(FutureTask.java) ~[?:?]
	at java.base/java.util.concurrent.ScheduledThreadPoolExecutor$ScheduledFutureTask.run(ScheduledThreadPoolExecutor.java:304) ~[?:?]
	at java.base/java.util.concurrent.ThreadPoolExecutor.runWorker(ThreadPoolExecutor.java:1144) ~[?:?]
	at java.base/java.util.concurrent.ThreadPoolExecutor$Worker.run(ThreadPoolExecutor.java:642) ~[?:?]
	at java.base/java.lang.Thread.run(Thread.java:1575) [?:?]
Caused by: com.google.gson.JsonSyntaxException: java.lang.IllegalStateException: Expected BEGIN_OBJECT but was STRING at line 1 column 1 path $
	at knot/com.google.gson.internal.bind.ReflectiveTypeAdapterFactory$Adapter.read(ReflectiveTypeAdapterFactory.java:397) ~[gson-2.10.1.jar:?]
	at knot/com.google.gson.Gson.fromJson(Gson.java:1227) ~[gson-2.10.1.jar:?]
	at knot/com.google.gson.Gson.fromJson(Gson.java:1137) ~[gson-2.10.1.jar:?]
	at knot/com.google.gson.Gson.fromJson(Gson.java:1047) ~[gson-2.10.1.jar:?]
	at knot/com.google.gson.Gson.fromJson(Gson.java:982) ~[gson-2.10.1.jar:?]
	at knot/com.mojang.authlib.minecraft.client.ObjectMapper.readValue(ObjectMapper.java:30) ~[authlib-6.0.54.jar:?]
	... 11 more
Caused by: java.lang.IllegalStateException: Expected BEGIN_OBJECT but was STRING at line 1 column 1 path $
	at knot/com.google.gson.stream.JsonReader.beginObject(JsonReader.java:393) ~[gson-2.10.1.jar:?]
	at knot/com.google.gson.internal.bind.ReflectiveTypeAdapterFactory$Adapter.read(ReflectiveTypeAdapterFactory.java:386) ~[gson-2.10.1.jar:?]
	at knot/com.google.gson.Gson.fromJson(Gson.java:1227) ~[gson-2.10.1.jar:?]
	at knot/com.google.gson.Gson.fromJson(Gson.java:1137) ~[gson-2.10.1.jar:?]
	at knot/com.google.gson.Gson.fromJson(Gson.java:1047) ~[gson-2.10.1.jar:?]
	at knot/com.google.gson.Gson.fromJson(Gson.java:982) ~[gson-2.10.1.jar:?]
	at knot/com.mojang.authlib.minecraft.client.ObjectMapper.readValue(ObjectMapper.java:30) ~[authlib-6.0.54.jar:?]
	... 11 more
[20:52:15] [Download-1/WARN] (Minecraft) Couldn't look up profile properties for d8673417-c4e9-3a05-9b69-9e1ec4bb9002
com.mojang.authlib.exceptions.MinecraftClientException: Failed to read value <!DOCTYPE html PUBLIC '-//W3C//DTD XHTML 1.0 Transitional//EN' 'http://www.w3.org/TR/xhtml1/DTD/xhtml1-transitional.dtd'>
<html xmlns='http://www.w3.org/1999/xhtml'>

<head>
    <meta content='text/html; charset=utf-8' http-equiv='content-type' />
    <style type='text/css'>
        body {
            font-family: Arial;
            margin-left: 40px;
        }

        img {
            border: 0 none;
        }

        #content {
            margin-left: auto;
            margin-right: auto
        }

        #message h1 {
            font-size: 24px;
            font-weight: normal;
            color: #000000;
            margin: 34px 0px 0px 0px
        }

        #message h2 {
            font-size: 20px;
            font-weight: normal;
            color: #000000;
            margin: 34px 0px 0px 0px
        }

        #message p {
            font-size: 16px;
            color: #000000;
            margin: 8px 0px 0px 0px
        }

        #message hr {
            margin: 15px 0px
        }

        #errorref {
            font-size: 11px;
            color: #737373;
            margin-top: 41px
        }
    </style>
    <title>Service unavailable</title>
</head>

<body>
    <div id='content'>
        <div id='message'>
            <h2>The request is blocked.</h2>
        </div>
        <div id='errorref'>
            <span>20250807T005213Z-184fbf97859l6zvmhC1BL15vmn000000037000000001y7s9            </span>
        </div>
    </div>
</body>
</html>

	at knot/com.mojang.authlib.minecraft.client.ObjectMapper.readValue(ObjectMapper.java:32) ~[authlib-6.0.54.jar:?]
	at knot/com.mojang.authlib.minecraft.client.MinecraftClient.readInputStream(MinecraftClient.java:99) ~[authlib-6.0.54.jar:?]
	at knot/com.mojang.authlib.minecraft.client.MinecraftClient.get(MinecraftClient.java:57) ~[authlib-6.0.54.jar:?]
	at knot/com.mojang.authlib.yggdrasil.YggdrasilMinecraftSessionService.fetchProfileUncached(YggdrasilMinecraftSessionService.java:201) ~[authlib-6.0.54.jar:?]
	at knot/com.mojang.authlib.yggdrasil.YggdrasilMinecraftSessionService.fetchProfile(YggdrasilMinecraftSessionService.java:171) ~[authlib-6.0.54.jar:?]
	at knot/net.minecraft.client.MinecraftClient.method_53464(MinecraftClient.java:454) ~[minecraft-merged-7548cd9592-1.21.1-loom.mappings.1_21_1.layered+hash.477322616-v2.jar:?]
	at java.base/java.util.concurrent.CompletableFuture$AsyncSupply.run$$$capture(CompletableFuture.java:1768) ~[?:?]
	at java.base/java.util.concurrent.CompletableFuture$AsyncSupply.run(CompletableFuture.java) ~[?:?]
	at java.base/java.util.concurrent.ThreadPoolExecutor.runWorker(ThreadPoolExecutor.java:1144) ~[?:?]
	at java.base/java.util.concurrent.ThreadPoolExecutor$Worker.run(ThreadPoolExecutor.java:642) ~[?:?]
	at java.base/java.lang.Thread.run(Thread.java:1575) [?:?]
Caused by: com.google.gson.JsonSyntaxException: java.lang.IllegalStateException: Expected BEGIN_OBJECT but was STRING at line 1 column 1 path $
	at knot/com.google.gson.internal.bind.ReflectiveTypeAdapterFactory$Adapter.read(ReflectiveTypeAdapterFactory.java:397) ~[gson-2.10.1.jar:?]
	at knot/com.google.gson.Gson.fromJson(Gson.java:1227) ~[gson-2.10.1.jar:?]
	at knot/com.google.gson.Gson.fromJson(Gson.java:1137) ~[gson-2.10.1.jar:?]
	at knot/com.google.gson.Gson.fromJson(Gson.java:1047) ~[gson-2.10.1.jar:?]
	at knot/com.google.gson.Gson.fromJson(Gson.java:982) ~[gson-2.10.1.jar:?]
	at knot/com.mojang.authlib.minecraft.client.ObjectMapper.readValue(ObjectMapper.java:30) ~[authlib-6.0.54.jar:?]
	... 10 more
Caused by: java.lang.IllegalStateException: Expected BEGIN_OBJECT but was STRING at line 1 column 1 path $
	at knot/com.google.gson.stream.JsonReader.beginObject(JsonReader.java:393) ~[gson-2.10.1.jar:?]
	at knot/com.google.gson.internal.bind.ReflectiveTypeAdapterFactory$Adapter.read(ReflectiveTypeAdapterFactory.java:386) ~[gson-2.10.1.jar:?]
	at knot/com.google.gson.Gson.fromJson(Gson.java:1227) ~[gson-2.10.1.jar:?]
	at knot/com.google.gson.Gson.fromJson(Gson.java:1137) ~[gson-2.10.1.jar:?]
	at knot/com.google.gson.Gson.fromJson(Gson.java:1047) ~[gson-2.10.1.jar:?]
	at knot/com.google.gson.Gson.fromJson(Gson.java:982) ~[gson-2.10.1.jar:?]
	at knot/com.mojang.authlib.minecraft.client.ObjectMapper.readValue(ObjectMapper.java:30) ~[authlib-6.0.54.jar:?]
	... 10 more
[20:52:15] [Render thread/INFO] (NetworkManagerImpl) Registering S2C receiver with id architectury:spawn_entity_packet
[20:52:15] [Render thread/INFO] (Indigo) [Indigo] Registering Indigo renderer!
[20:52:15] [Render thread/INFO] (Mod Menu/Update Checker) Checking mod updates...
[20:52:15] [Render thread/INFO] (Minecraft) Backend library: LWJGL version 3.3.3-snapshot
[20:52:17] [Render thread/INFO] (Minecraft) Reloading ResourceManager: vanilla, fabric, cloth-config, fabric-api, fabric-api-base, fabric-api-lookup-api-v1, fabric-biome-api-v1, fabric-block-api-v1, fabric-block-view-api-v2, fabric-blockrenderlayer-v1, fabric-client-tags-api-v1, fabric-command-api-v1, fabric-command-api-v2, fabric-commands-v0, fabric-content-registries-v0, fabric-convention-tags-v1, fabric-convention-tags-v2, fabric-crash-report-info-v1, fabric-data-attachment-api-v1, fabric-data-generation-api-v1, fabric-dimensions-v1, fabric-entity-events-v1, fabric-events-interaction-v0, fabric-game-rule-api-v1, fabric-gametest-api-v1, fabric-item-api-v1, fabric-item-group-api-v1, fabric-key-binding-api-v1, fabric-keybindings-v0, fabric-lifecycle-events-v1, fabric-loot-api-v2, fabric-loot-api-v3, fabric-message-api-v1, fabric-model-loading-api-v1, fabric-networking-api-v1, fabric-object-builder-api-v1, fabric-particles-v1, fabric-recipe-api-v1, fabric-registry-sync-v0, fabric-renderer-api-v1, fabric-renderer-indigo, fabric-renderer-registries-v1, fabric-rendering-data-attachment-v1, fabric-rendering-fluids-v1, fabric-rendering-v0, fabric-rendering-v1, fabric-resource-conditions-api-v1, fabric-resource-loader-v0, fabric-screen-api-v1, fabric-screen-handler-api-v1, fabric-sound-api-v1, fabric-transfer-api-v1, fabric-transitive-access-wideners-v1, fabricloader, modmenu, sound_physics_perfected
[20:52:17] [Render thread/INFO] (Minecraft) [STDERR]: Failed to initialize reverb: null
[20:52:17] [Render thread/INFO] (Minecraft) [STDERR]: Failed to initialize reverb: null
[20:52:17] [Render thread/INFO] (Minecraft) [STDERR]: Failed to initialize reverb: null
[20:52:17] [Render thread/INFO] (Minecraft) [STDERR]: Failed to initialize reverb: null
[20:52:17] [Render thread/INFO] (Minecraft) [STDERR]: Failed to initialize reverb: null
[20:52:17] [Render thread/INFO] (Minecraft) [STDERR]: Failed to initialize reverb: null
[20:52:17] [Render thread/INFO] (Minecraft) [STDERR]: Failed to initialize reverb: null
[20:52:17] [Render thread/INFO] (Minecraft) [STDERR]: Failed to initialize reverb: null
[20:52:17] [Render thread/INFO] (Minecraft) [STDERR]: Failed to initialize reverb: null
[20:52:17] [Render thread/INFO] (Minecraft) [STDERR]: Failed to initialize reverb: null
[20:52:17] [Worker-Main-13/INFO] (Minecraft) Found unifont_all_no_pua-15.1.05.hex, loading
[20:52:17] [Render thread/INFO] (Minecraft) [STDERR]: Failed to initialize reverb: null
[20:52:17] [Worker-Main-12/INFO] (Minecraft) Found unifont_jp_patch-15.1.05.hex, loading
[20:52:17] [Render thread/INFO] (Minecraft) [STDERR]: Failed to initialize reverb: null
[20:52:17] [Render thread/INFO] (Minecraft) [STDERR]: Failed to initialize reverb: null
[20:52:17] [Render thread/INFO] (Minecraft) [STDERR]: Failed to initialize reverb: null
[20:52:17] [Render thread/INFO] (Minecraft) [STDERR]: Failed to initialize reverb: null
[20:52:17] [Render thread/INFO] (Minecraft) [STDERR]: Failed to initialize reverb: null
[20:52:17] [Render thread/INFO] (Minecraft) [STDERR]: Failed to initialize reverb: null
[20:52:17] [Render thread/INFO] (Minecraft) [STDERR]: Failed to initialize reverb: null
[20:52:17] [Render thread/INFO] (Minecraft) [STDERR]: Failed to initialize reverb: null
[20:52:17] [Render thread/INFO] (Minecraft) [STDERR]: Failed to initialize reverb: null
[20:52:17] [Render thread/INFO] (Minecraft) [STDERR]: Failed to initialize reverb: null
[20:52:17] [Render thread/INFO] (Minecraft) [STDERR]: Failed to initialize reverb: null
[20:52:17] [Render thread/INFO] (Minecraft) [STDERR]: Failed to initialize reverb: null
[20:52:17] [Render thread/INFO] (Minecraft) [STDERR]: Failed to initialize reverb: null
[20:52:17] [Render thread/INFO] (Minecraft) [STDERR]: Failed to initialize reverb: null
[20:52:17] [Render thread/INFO] (Minecraft) [STDERR]: Failed to initialize reverb: null
[20:52:17] [Render thread/INFO] (Minecraft) [STDERR]: Failed to initialize reverb: null
[20:52:18] [Render thread/INFO] (Minecraft) [STDERR]: Failed to initialize reverb: null
[20:52:18] [Render thread/INFO] (Minecraft) [STDERR]: Failed to initialize reverb: null
[20:52:18] [Render thread/INFO] (Minecraft) [STDERR]: Failed to initialize reverb: null
[20:52:18] [Render thread/INFO] (Minecraft) [STDERR]: Failed to initialize reverb: null
[20:52:18] [Render thread/WARN] (Minecraft) Missing sound for event: minecraft:item.goat_horn.play
[20:52:18] [Render thread/WARN] (Minecraft) Missing sound for event: minecraft:entity.goat.screaming.horn_break
[20:52:18] [Render thread/INFO] (Minecraft) OpenAL initialized on device OpenAL Soft on Voicemeeter Input (VB-Audio Voicemeeter VAIO)
[20:52:18] [Render thread/INFO] (Minecraft) Sound engine started
[20:52:18] [Render thread/INFO] (Minecraft) [STDOUT]: Reverb system initialized successfully
[20:52:18] [Render thread/INFO] (Minecraft) Created: 1024x512x4 minecraft:textures/atlas/blocks.png-atlas
[20:52:18] [Render thread/INFO] (Minecraft) Created: 256x256x4 minecraft:textures/atlas/signs.png-atlas
[20:52:18] [Render thread/INFO] (Minecraft) Created: 512x512x4 minecraft:textures/atlas/shield_patterns.png-atlas
[20:52:18] [Render thread/INFO] (Minecraft) Created: 512x512x4 minecraft:textures/atlas/banner_patterns.png-atlas
[20:52:18] [Render thread/INFO] (Minecraft) Created: 1024x1024x4 minecraft:textures/atlas/armor_trims.png-atlas
[20:52:18] [Render thread/INFO] (Minecraft) Created: 128x64x4 minecraft:textures/atlas/decorated_pot.png-atlas
[20:52:18] [Render thread/INFO] (Minecraft) Created: 256x256x4 minecraft:textures/atlas/chest.png-atlas
[20:52:18] [Render thread/INFO] (Minecraft) Created: 512x256x4 minecraft:textures/atlas/beds.png-atlas
[20:52:18] [Render thread/INFO] (Minecraft) Created: 512x256x4 minecraft:textures/atlas/shulker_boxes.png-atlas
[20:52:18] [Render thread/INFO] (Minecraft) Created: 512x256x0 minecraft:textures/atlas/particles.png-atlas
[20:52:18] [Render thread/INFO] (Minecraft) Created: 512x256x0 minecraft:textures/atlas/paintings.png-atlas
[20:52:18] [Render thread/INFO] (Minecraft) Created: 256x128x0 minecraft:textures/atlas/mob_effects.png-atlas
[20:52:18] [Render thread/INFO] (Minecraft) Created: 64x64x0 minecraft:textures/atlas/map_decorations.png-atlas
[20:52:18] [Render thread/INFO] (Minecraft) Created: 1024x512x0 minecraft:textures/atlas/gui.png-atlas
[20:52:18] [Render thread/WARN] (Minecraft) Shader rendertype_entity_translucent_emissive could not find sampler named Sampler2 in the specified shader program.
[20:53:57] [Render thread/INFO] (Minecraft) Loaded 1290 recipes
[20:53:57] [Render thread/INFO] (Minecraft) Loaded 1399 advancements
[20:53:57] [Render thread/INFO] (BiomeModificationImpl) Applied 0 biome modifications to 0 of 64 new biomes in 1.301 ms
[20:53:57] [Server thread/INFO] (Minecraft) Starting integrated minecraft server version 1.21.1
[20:53:57] [Server thread/INFO] (Minecraft) Generating keypair
[20:53:58] [Server thread/INFO] (Minecraft) Preparing start region for dimension minecraft:overworld
[20:53:58] [Render thread/INFO] (Minecraft) Preparing spawn area: 0%
[20:53:59] [Render thread/INFO] (Minecraft) Time elapsed: 452 ms
[20:53:59] [Server thread/INFO] (Minecraft) Changing view distance to 12, from 10
[20:53:59] [Server thread/INFO] (Minecraft) Changing simulation distance to 12, from 0
[20:54:00] [Server thread/INFO] (Minecraft) Player805[local:E:9cad4763] logged in with entity id 93 at (-43.39586994432442, 69.0, -88.51041575041634)
[20:54:00] [Server thread/INFO] (Minecraft) Player805 joined the game
[20:54:00] [Render thread/WARN] (Minecraft) Ignoring chat session from Player805 due to missing Services public key
[20:54:00] [Render thread/INFO] (Minecraft) Loaded 4 advancements
[20:54:01] [Render thread/WARN] (Minecraft) Received passengers for unknown entity
[20:54:02] [Sound engine/ERROR] (Minecraft) Allocate new source: Invalid name parameter.
[20:54:03] [Sound engine/ERROR] (Minecraft) Allocate new source: Invalid name parameter.
[20:54:03] [Sound engine/ERROR] (Minecraft) Allocate new source: Invalid name parameter.
[20:54:04] [Sound engine/ERROR] (Minecraft) Allocate new source: Invalid name parameter.
[20:54:04] [Sound engine/ERROR] (Minecraft) Allocate new source: Invalid name parameter.
[20:54:04] [Sound engine/ERROR] (Minecraft) Allocate new source: Invalid name parameter.
[20:54:05] [Sound engine/ERROR] (Minecraft) Allocate new source: Invalid name parameter.
[20:54:05] [Sound engine/ERROR] (Minecraft) Allocate new source: Invalid name parameter.
[20:54:05] [Server thread/INFO] (Minecraft) Saving and pausing game...
[20:54:05] [Server thread/INFO] (Minecraft) Saving chunks for level 'ServerLevel[test]'/minecraft:overworld
[20:54:05] [Server thread/INFO] (Minecraft) Saving chunks for level 'ServerLevel[test]'/minecraft:the_nether
[20:54:05] [Server thread/INFO] (Minecraft) Saving chunks for level 'ServerLevel[test]'/minecraft:the_end
[21:03:38] [Sound engine/ERROR] (Minecraft) Allocate new source: Invalid name parameter.
[21:03:38] [Sound engine/ERROR] (Minecraft) Allocate new source: Invalid name parameter.
[21:03:38] [Sound engine/ERROR] (Minecraft) Allocate new source: Invalid name parameter.
[21:03:39] [Server thread/INFO] (Minecraft) Saving and pausing game...
[21:03:39] [Server thread/INFO] (Minecraft) Saving chunks for level 'ServerLevel[test]'/minecraft:overworld
[21:03:39] [Server thread/INFO] (Minecraft) Saving chunks for level 'ServerLevel[test]'/minecraft:the_nether
[21:03:39] [Server thread/INFO] (Minecraft) Saving chunks for level 'ServerLevel[test]'/minecraft:the_end
[21:03:39] [Sound engine/ERROR] (Minecraft) Allocate new source: Invalid name parameter.
[21:03:40] [Sound engine/ERROR] (Minecraft) Allocate new source: Invalid name parameter.
[21:03:40] [Sound engine/ERROR] (Minecraft) Allocate new source: Invalid name parameter.
[21:03:41] [Sound engine/ERROR] (Minecraft) Allocate new source: Invalid name parameter.
[21:03:41] [Sound engine/ERROR] (Minecraft) Allocate new source: Invalid name parameter.
[21:03:41] [Sound engine/ERROR] (Minecraft) Allocate new source: Invalid name parameter.
[21:03:41] [Sound engine/ERROR] (Minecraft) Allocate new source: Invalid name parameter.
[21:03:41] [Sound engine/ERROR] (Minecraft) Allocate new source: Invalid name parameter.
[21:03:41] [Sound engine/ERROR] (Minecraft) Allocate new source: Invalid name parameter.
[21:03:41] [Sound engine/ERROR] (Minecraft) Allocate new source: Invalid name parameter.
[21:03:42] [Sound engine/ERROR] (Minecraft) Allocate new source: Invalid name parameter.
[21:03:43] [Sound engine/ERROR] (Minecraft) Allocate new source: Invalid name parameter.
[21:03:44] [Sound engine/ERROR] (Minecraft) Allocate new source: Invalid name parameter.
[21:03:44] [Render thread/INFO] (Minecraft) [STDOUT]: sourceID is invalid for a sound, non-issuejava.lang.NullPointerException: Cannot invoke "com.redsmods.sound_physics_perfected.mixin.client.SourceManagerAccessor.getSource()" because "accessor" is null
[21:03:46] [Sound engine/ERROR] (Minecraft) Allocate new source: Invalid name parameter.
[21:03:48] [Sound engine/ERROR] (Minecraft) Allocate new source: Invalid name parameter.
[21:03:48] [Sound engine/ERROR] (Minecraft) Allocate new source: Invalid name parameter.
[21:03:48] [Sound engine/ERROR] (Minecraft) Allocate new source: Invalid name parameter.
[21:03:49] [Sound engine/ERROR] (Minecraft) Allocate new source: Invalid name parameter.
[21:03:50] [Sound engine/ERROR] (Minecraft) Allocate new source: Invalid name parameter.
[21:03:51] [Sound engine/ERROR] (Minecraft) Allocate new source: Invalid name parameter.
[21:03:52] [Sound engine/ERROR] (Minecraft) Allocate new source: Invalid name parameter.
[21:03:53] [Sound engine/ERROR] (Minecraft) Allocate new source: Invalid name parameter.
[21:03:55] [Sound engine/ERROR] (Minecraft) Allocate new source: Invalid name parameter.
[21:03:56] [Sound engine/ERROR] (Minecraft) Allocate new source: Invalid name parameter.
[21:03:59] [Sound engine/ERROR] (Minecraft) Allocate new source: Invalid name parameter.
[21:03:59] [Server thread/INFO] (Minecraft) Saving and pausing game...
[21:03:59] [Server thread/INFO] (Minecraft) Saving chunks for level 'ServerLevel[test]'/minecraft:overworld
[21:03:59] [Server thread/INFO] (Minecraft) Saving chunks for level 'ServerLevel[test]'/minecraft:the_nether
[21:03:59] [Server thread/INFO] (Minecraft) Saving chunks for level 'ServerLevel[test]'/minecraft:the_end
